
> monad-farcaster-miniapp-template@0.1.0 build
> next build

